// Jest Snapshot v1, https://goo.gl/fbAQLP

exports[`NewDivider should render correctly 1`] = `
<View
  style={
    {
      "alignItems": "center",
      "alignSelf": "stretch",
      "flexDirection": "row",
      "gap": 8,
      "justifyContent": "center",
    }
  }
>
  <Text
    allowFontScaling={false}
    style={
      [
        {
          "fontFamily": "Baloo2-Regular",
          "fontSize": 16,
          "letterSpacing": 0.16,
          "lineHeight": 24,
        },
        {
          "color": "#2B1911",
        },
        {
          "fontFamily": "Baloo2-Bold",
          "fontSize": 16,
          "letterSpacing": 0.16,
          "lineHeight": 26,
        },
        false,
      ]
    }
  >
    title
  </Text>
  <View
    style={
      [
        {
          "backgroundColor": "#EAE3DF",
          "flexShrink": 1,
          "height": 1,
          "width": "100%",
        },
        undefined,
      ]
    }
  />
</View>
`;
