// Jest Snapshot v1, https://goo.gl/fbAQLP

exports[`DrawerTitle renders correctly 1`] = `
<Text
  allowFontScaling={false}
  style={
    [
      {
        "color": "#2B1911",
        "fontFamily": "Baloo2-Regular",
        "fontSize": 16,
        "letterSpacing": 0.16,
        "lineHeight": 24,
      },
      false,
      {
        "fontFamily": "Baloo2-Bold",
        "fontSize": 16,
        "letterSpacing": 1.6,
        "lineHeight": 26,
        "textAlign": "center",
        "textTransform": "uppercase",
      },
      false,
    ]
  }
>
  testTitle
</Text>
`;
