// Jest Snapshot v1, https://goo.gl/fbAQLP

exports[`Welcome should render correctly 1`] = `
<View
  style={
    {
      "display": "flex",
      "height": "100%",
    }
  }
  testID="welcome"
>
  <View
    style={
      [
        {
          "paddingLeft": 16,
          "paddingRight": 16,
          "width": "100%",
        },
        {
          "paddingLeft": 32,
          "paddingRight": 32,
        },
      ]
    }
  >
    <View
      style={
        [
          {
            "borderRadius": 9999,
            "height": 16,
            "overflow": "hidden",
            "width": "100%",
          },
          {
            "height": 8,
          },
        ]
      }
    >
      <View
        style={
          [
            {
              "borderRadius": 9999,
              "height": "100%",
              "position": "absolute",
              "width": "100%",
            },
            {
              "backgroundColor": "#FFFCFA",
              "opacity": 0.5,
            },
          ]
        }
      />
      <View
        collapsable={false}
        style={
          {
            "backgroundColor": "#FFFCFA",
            "borderRadius": 9999,
            "height": "100%",
            "width": "20%",
          }
        }
      />
    </View>
    <View
      accessibilityState={
        {
          "busy": undefined,
          "checked": undefined,
          "disabled": undefined,
          "expanded": undefined,
          "selected": undefined,
        }
      }
      accessibilityValue={
        {
          "max": undefined,
          "min": undefined,
          "now": undefined,
          "text": undefined,
        }
      }
      accessible={true}
      collapsable={false}
      focusable={true}
      onBlur={[Function]}
      onClick={[Function]}
      onFocus={[Function]}
      onResponderGrant={[Function]}
      onResponderMove={[Function]}
      onResponderRelease={[Function]}
      onResponderTerminate={[Function]}
      onResponderTerminationRequest={[Function]}
      onStartShouldSetResponder={[Function]}
      style={
        [
          {
            "alignItems": "center",
            "display": "flex",
            "flexDirection": "row",
            "height": 32,
            "justifyContent": "flex-end",
          },
          {},
        ]
      }
      testID="welcome-skipFoward"
    >
      <Text
        allowFontScaling={false}
        style={
          [
            {
              "color": "#2B1911",
              "fontFamily": "Baloo2-Regular",
              "fontSize": 16,
              "letterSpacing": 0.16,
              "lineHeight": 24,
            },
            {
              "color": "#FFFCFA",
              "marginRight": 4,
            },
            false,
          ]
        }
      >
        skip
      </Text>
      <test-file-stub
        fill="#FFFCFA"
        style={
          [
            {
              "height": 24,
              "width": 24,
            },
            {
              "height": 12,
              "width": 12,
            },
          ]
        }
      />
    </View>
  </View>
  <View
    style={
      {
        "alignItems": "center",
        "flexDirection": "column",
        "flexShrink": 1,
        "height": "100%",
        "justifyContent": "flex-end",
      }
    }
  >
    <View
      style={
        {
          "flexShrink": 1,
          "height": "100%",
          "width": "100%",
        }
      }
    />
  </View>
  <View
    style={
      [
        {
          "alignItems": "center",
          "display": "flex",
          "marginBottom": 32,
          "paddingTop": 16,
          "width": "100%",
        },
        {},
      ]
    }
  >
    <View
      accessibilityState={
        {
          "busy": undefined,
          "checked": undefined,
          "disabled": undefined,
          "expanded": undefined,
          "selected": undefined,
        }
      }
      accessibilityValue={
        {
          "max": undefined,
          "min": undefined,
          "now": undefined,
          "text": undefined,
        }
      }
      accessible={true}
      collapsable={false}
      focusable={true}
      onClick={[Function]}
      onResponderGrant={[Function]}
      onResponderMove={[Function]}
      onResponderRelease={[Function]}
      onResponderTerminate={[Function]}
      onResponderTerminationRequest={[Function]}
      onStartShouldSetResponder={[Function]}
      style={
        {
          "alignItems": "center",
          "backgroundColor": "#FFFCFA",
          "borderRadius": 9999,
          "flexDirection": "row",
          "height": 40,
          "justifyContent": "center",
          "opacity": 1,
          "paddingLeft": 16,
          "paddingRight": 16,
          "width": 156,
        }
      }
      testID="welcome-next"
    >
      <Text
        allowFontScaling={false}
        ellipsizeMode="tail"
        numberOfLines={1}
        style={
          [
            {
              "color": "#2B1911",
              "fontFamily": "Baloo2-Regular",
              "fontSize": 16,
              "letterSpacing": 0.16,
              "lineHeight": 24,
            },
            [
              {
                "color": "#F56522",
              },
              {
                "fontFamily": "Baloo2-SemiBold",
                "fontSize": 14,
                "letterSpacing": 0.5,
                "lineHeight": 24,
                "minWidth": 96,
                "paddingLeft": 8,
                "paddingRight": 8,
                "textAlign": "center",
                "textTransform": "uppercase",
              },
            ],
            false,
          ]
        }
      >
        next
      </Text>
      <test-file-stub
        fill="#F56522"
        style={
          [
            {
              "height": 24,
              "width": 24,
            },
            {
              "height": 16,
              "width": 16,
            },
          ]
        }
      />
    </View>
  </View>
</View>
`;

exports[`Welcome should set header correctly 1`] = `
<OldHeader
  hideGoBackButton={true}
  icons={
    [
      {
        "color": "#FFFCFA",
        "id": "mail",
        "onPress": [Function],
      },
      {
        "color": "#FFFCFA",
        "id": "globe",
        "onPress": [Function],
      },
    ]
  }
  theme="inverted"
  title="welcome to Peach!"
/>
`;
