// Jest Snapshot v1, https://goo.gl/fbAQLP

exports[`CurrencyTabs should render correctly 1`] = `
<MaterialTopTabNavigator
  initialRouteName="Europe"
  screenListeners={
    {
      "focus": [Function],
    }
  }
  tabBar={[Function]}
>
  <Screen
    name="Europe"
  >
    [Function]
  </Screen>
  <Screen
    name="other"
  >
    [Function]
  </Screen>
</MaterialTopTabNavigator>
`;
