// Jest Snapshot v1, https://goo.gl/fbAQLP

exports[`Other should render correctly 1`] = `
<ForwardRef
  contentContainerStyle={
    {
      "flexGrow": 1,
    }
  }
  contentStyle={
    [
      {
        "height": "100%",
        "paddingBottom": 16,
        "paddingLeft": 16,
        "paddingRight": 16,
        "paddingTop": 16,
      },
      {
        "paddingBottom": 32,
        "paddingLeft": 32,
        "paddingRight": 32,
        "paddingTop": 32,
      },
    ]
  }
>
  <RadioButtons
    items={
      [
        {
          "display": "L-USDT",
          "value": "USDT",
        },
      ]
    }
    onChange={[MockFunction]}
    selectedValue="EUR"
    style={
      {
        "alignItems": "center",
        "flexGrow": 1,
        "justifyContent": "center",
      }
    }
  />
</ForwardRef>
`;
