// Jest Snapshot v1, https://goo.gl/fbAQLP

exports[`CopyableSummaryItem renders correctly 1`] = `
<SummaryItem
  title="rating"
>
  <TouchableOpacity
    style={
      {
        "alignItems": "center",
        "flexDirection": "row",
        "gap": 8,
        "justifyContent": "space-between",
      }
    }
  >
    <PeachText
      style={
        {
          "fontFamily": "Baloo2-SemiBold",
          "fontSize": 16,
          "letterSpacing": 0.16,
          "lineHeight": 28,
        }
      }
    >
      text
    </PeachText>
    <CopyAble
      value="text"
    />
  </TouchableOpacity>
</SummaryItem>
`;
