// Jest Snapshot v1, https://goo.gl/fbAQLP

exports[`DisputeLostBuyer should render correctly 1`] = `
<React.Fragment>
  <PeachText>
    We've ruled in favour of the seller in the dispute for trade tradeId.
  </PeachText>
  <PeachText
    style={
      {
        "marginTop": 12,
      }
    }
  >
    Please check the message from your mediator in the trade chat to see what's next.
  </PeachText>
</React.Fragment>
`;
