// Jest Snapshot v1, https://goo.gl/fbAQLP

exports[`TradeBreakdown should render correctly 1`] = `
<View>
  <View
    style={
      {
        "alignItems": "center",
        "flexDirection": "row",
        "justifyContent": "space-between",
        "marginTop": 12,
      }
    }
  >
    <PeachText
      style={
        {
          "color": "#7D675E",
          "flexShrink": 1,
          "fontFamily": "Baloo2-SemiBold",
          "fontSize": 16,
          "letterSpacing": 0.16,
          "lineHeight": 28,
        }
      }
    >
      seller amount
    </PeachText>
    <BTCAmount
      amount={210000}
      size="x small"
    />
  </View>
  <View
    style={
      {
        "alignItems": "center",
        "flexDirection": "row",
        "justifyContent": "space-between",
        "marginTop": 12,
      }
    }
  >
    <PeachText
      style={
        {
          "color": "#7D675E",
          "flexShrink": 1,
          "fontFamily": "Baloo2-SemiBold",
          "fontSize": 16,
          "letterSpacing": 0.16,
          "lineHeight": 28,
        }
      }
    >
      Peach fees
    </PeachText>
    <BTCAmount
      amount={21000}
      size="x small"
    />
  </View>
  <HorizontalLine
    style={
      {
        "alignSelf": "flex-end",
        "backgroundColor": "#7D675E",
        "marginBottom": 16,
        "marginTop": 16,
        "width": 180,
      }
    }
  />
  <View
    style={
      {
        "alignItems": "center",
        "flexDirection": "row",
        "justifyContent": "space-between",
      }
    }
  >
    <PeachText
      style={
        {
          "color": "#7D675E",
          "flexShrink": 1,
          "fontFamily": "Baloo2-SemiBold",
          "fontSize": 16,
          "letterSpacing": 0.16,
          "lineHeight": 28,
        }
      }
    >
      trade amount
    </PeachText>
    <BTCAmount
      amount={189000}
      size="x small"
    />
  </View>
  <View
    style={
      {
        "alignItems": "center",
        "flexDirection": "row",
        "justifyContent": "space-between",
        "marginTop": 12,
      }
    }
  >
    <PeachText
      style={
        {
          "color": "#7D675E",
          "flexShrink": 1,
          "fontFamily": "Baloo2-SemiBold",
          "fontSize": 16,
          "letterSpacing": 0.16,
          "lineHeight": 28,
        }
      }
    >
      network fees
    </PeachText>
    <BTCAmount
      amount={1000}
      size="x small"
    />
  </View>
  <HorizontalLine
    style={
      {
        "alignSelf": "flex-end",
        "backgroundColor": "#7D675E",
        "marginBottom": 16,
        "marginTop": 16,
        "width": 180,
      }
    }
  />
  <View
    style={
      {
        "alignItems": "center",
        "flexDirection": "row",
        "justifyContent": "space-between",
      }
    }
  >
    <PeachText
      style={
        {
          "color": "#7D675E",
          "flexShrink": 1,
          "fontFamily": "Baloo2-SemiBold",
          "fontSize": 16,
          "letterSpacing": 0.16,
          "lineHeight": 28,
        }
      }
    >
      you get
    </PeachText>
    <BTCAmount
      amount={188000}
      size="x small"
    />
  </View>
</View>
`;
