// Jest Snapshot v1, https://goo.gl/fbAQLP

exports[`WithdrawalConfirmation should render correctly 1`] = `
<View
  style={
    {
      "gap": 12,
    }
  }
>
  <PeachText>
    You're sending:
  </PeachText>
  <BTCAmount
    amount={123456}
    size="medium"
  />
  <PeachText>
    to:
     
    <ShortBitcoinAddress
      address="address"
    />
  </PeachText>
  <PeachText>
    network fee: 110 sats (1 sat/vB)
  </PeachText>
</View>
`;
