// Jest Snapshot v1, https://goo.gl/fbAQLP

exports[`StatusCard should render correctly 1`] = `
<TouchableOpacity
  onPress={[MockFunction]}
>
  <View
    style={
      [
        {
          "backgroundColor": "#FFFCFA",
          "borderRadius": 12,
          "borderWidth": 1,
          "overflow": "hidden",
        },
        {
          "borderColor": "#F56522",
        },
      ]
    }
  >
    <Top
      color="primary"
      onPress={[MockFunction]}
      subtext="subtext"
      title="title"
    />
    <Bottom
      color="primary"
      onPress={[MockFunction]}
      subtext="subtext"
      title="title"
    />
  </View>
</TouchableOpacity>
`;
