// Jest Snapshot v1, https://goo.gl/fbAQLP

exports[`PeachScrollView renders correctly 1`] = `
<RCTScrollView
  indicatorStyle="black"
  onStartShouldSetResponder={[Function]}
  showsHorizontalScrollIndicator={false}
  showsVerticalScrollIndicator={false}
>
  <View />
</RCTScrollView>
`;

exports[`PeachScrollView renders correctly when disabled 1`] = `<View />`;
