// Jest Snapshot v1, https://goo.gl/fbAQLP

exports[`ResolveDisputeSliders should render correctly 1`] = `
[
  <ConfirmSlider
    label1="re-publish offer"
    onUnlock={[Function]}
    style={
      {
        "width": 263,
      }
    }
  />,
  <ConfirmSlider
    label1="refund escrow"
    onUnlock={[Function]}
    style={
      {
        "width": 263,
      }
    }
  />,
]
`;
