// Jest Snapshot v1, https://goo.gl/fbAQLP

exports[`SliderKnob should render correctly 1`] = `
<View
  style={
    [
      {
        "height": 30,
      },
      {
        "alignItems": "center",
        "backgroundColor": "#F56522",
        "borderRadius": 9999,
        "justifyContent": "center",
        "width": "100%",
      },
      undefined,
    ]
  }
>
  <Icon
    color="#FFFCFA"
    id="menu"
    style={
      {
        "height": 12,
        "width": 12,
      }
    }
  />
</View>
`;
