// Jest Snapshot v1, https://goo.gl/fbAQLP

exports[`CreateAccountError should render correctly while loading 1`] = `
<View
  style={
    {
      "display": "flex",
      "height": "100%",
      "justifyContent": "space-between",
    }
  }
>
  <View
    style={
      {
        "alignItems": "center",
        "display": "flex",
        "flexShrink": 1,
        "height": "100%",
        "justifyContent": "center",
      }
    }
  >
    <Text
      allowFontScaling={false}
      style={
        [
          {
            "color": "#2B1911",
            "fontFamily": "Baloo2-Regular",
            "fontSize": 16,
            "letterSpacing": 0.16,
            "lineHeight": 24,
          },
          {
            "color": "#FFFCFA",
            "fontFamily": "Baloo2-Bold",
            "fontSize": 34,
            "letterSpacing": 0.34,
            "lineHeight": 42,
            "textAlign": "center",
          },
        ]
      }
    >
      creating account
    </Text>
    <Text
      allowFontScaling={false}
      style={
        [
          {
            "color": "#2B1911",
            "fontFamily": "Baloo2-Regular",
            "fontSize": 16,
            "letterSpacing": 0.16,
            "lineHeight": 24,
          },
          {
            "color": "#FFFCFA",
            "fontFamily": "Baloo2-Regular",
            "fontSize": 20,
            "letterSpacing": 0.2,
            "lineHeight": 28,
            "textAlign": "center",
          },
        ]
      }
    >
      Something went wrong. Please try again later or contact the Peach support-team.
    </Text>
    <test-file-stub
      fill="#FFFCFA"
      style={
        [
          {
            "height": 24,
            "width": 24,
          },
          {
            "height": 128,
            "marginTop": 64,
            "width": 128,
          },
        ]
      }
    />
  </View>
  <View
    style={
      {
        "alignItems": "center",
        "display": "flex",
        "flexDirection": "column",
        "marginBottom": 32,
        "width": "100%",
      }
    }
  >
    <View
      accessibilityState={
        {
          "busy": undefined,
          "checked": undefined,
          "disabled": undefined,
          "expanded": undefined,
          "selected": undefined,
        }
      }
      accessibilityValue={
        {
          "max": undefined,
          "min": undefined,
          "now": undefined,
          "text": undefined,
        }
      }
      accessible={true}
      collapsable={false}
      focusable={true}
      onClick={[Function]}
      onResponderGrant={[Function]}
      onResponderMove={[Function]}
      onResponderRelease={[Function]}
      onResponderTerminate={[Function]}
      onResponderTerminationRequest={[Function]}
      onStartShouldSetResponder={[Function]}
      style={
        {
          "alignItems": "center",
          "backgroundColor": "#FFFCFA",
          "borderRadius": 9999,
          "flexDirection": "row",
          "height": 40,
          "justifyContent": "center",
          "opacity": 1,
          "paddingLeft": 16,
          "paddingRight": 16,
          "width": 156,
        }
      }
      testID="createAccount-contactUs"
    >
      <Text
        allowFontScaling={false}
        ellipsizeMode="tail"
        numberOfLines={1}
        style={
          [
            {
              "color": "#2B1911",
              "fontFamily": "Baloo2-Regular",
              "fontSize": 16,
              "letterSpacing": 0.16,
              "lineHeight": 24,
            },
            [
              {
                "color": "#F56522",
              },
              {
                "fontFamily": "Baloo2-SemiBold",
                "fontSize": 14,
                "letterSpacing": 0.5,
                "lineHeight": 24,
                "minWidth": 96,
                "paddingLeft": 8,
                "paddingRight": 8,
                "textAlign": "center",
                "textTransform": "uppercase",
              },
            ],
          ]
        }
      >
        contact us
      </Text>
    </View>
    <View
      accessibilityState={
        {
          "busy": undefined,
          "checked": undefined,
          "disabled": undefined,
          "expanded": undefined,
          "selected": undefined,
        }
      }
      accessibilityValue={
        {
          "max": undefined,
          "min": undefined,
          "now": undefined,
          "text": undefined,
        }
      }
      accessible={true}
      collapsable={false}
      focusable={true}
      onClick={[Function]}
      onResponderGrant={[Function]}
      onResponderMove={[Function]}
      onResponderRelease={[Function]}
      onResponderTerminate={[Function]}
      onResponderTerminationRequest={[Function]}
      onStartShouldSetResponder={[Function]}
      style={
        {
          "alignItems": "center",
          "borderColor": "#FFFCFA",
          "borderRadius": 9999,
          "borderWidth": 2,
          "flexDirection": "row",
          "height": 40,
          "justifyContent": "center",
          "marginTop": 8,
          "opacity": 1,
          "paddingLeft": 16,
          "paddingRight": 16,
          "width": 156,
        }
      }
      testID="createAccount-restoreBackup"
    >
      <Text
        allowFontScaling={false}
        ellipsizeMode="tail"
        numberOfLines={1}
        style={
          [
            {
              "color": "#2B1911",
              "fontFamily": "Baloo2-Regular",
              "fontSize": 16,
              "letterSpacing": 0.16,
              "lineHeight": 24,
            },
            [
              {
                "color": "#FFFCFA",
              },
              {
                "fontFamily": "Baloo2-SemiBold",
                "fontSize": 14,
                "letterSpacing": 0.5,
                "lineHeight": 24,
                "minWidth": 96,
                "paddingLeft": 8,
                "paddingRight": 8,
                "textAlign": "center",
                "textTransform": "uppercase",
              },
            ],
          ]
        }
      >
        restore
      </Text>
    </View>
  </View>
</View>
`;
