// Jest Snapshot v1, https://goo.gl/fbAQLP

exports[`OfferItem should render correctly for a confirmed buy trade tx 1`] = `
<View
  accessibilityState={
    {
      "busy": undefined,
      "checked": undefined,
      "disabled": undefined,
      "expanded": undefined,
      "selected": undefined,
    }
  }
  accessibilityValue={
    {
      "max": undefined,
      "min": undefined,
      "now": undefined,
      "text": undefined,
    }
  }
  accessible={true}
  collapsable={false}
  focusable={true}
  onClick={[Function]}
  onResponderGrant={[Function]}
  onResponderMove={[Function]}
  onResponderRelease={[Function]}
  onResponderTerminate={[Function]}
  onResponderTerminationRequest={[Function]}
  onStartShouldSetResponder={[Function]}
  style={
    {
      "backgroundColor": "#FFFCFA",
      "borderColor": "#05A85A",
      "borderRadius": 12,
      "borderWidth": 1,
      "opacity": 1,
      "width": "100%",
    }
  }
>
  <View
    style={
      {
        "alignItems": "center",
        "borderRadius": 12,
        "display": "flex",
        "flexDirection": "row",
        "justifyContent": "space-between",
        "paddingBottom": 12,
        "paddingLeft": 16,
        "paddingRight": 16,
        "paddingTop": 12,
      }
    }
  >
    <View>
      <Text
        allowFontScaling={false}
        style={
          [
            {
              "color": "#2B1911",
              "fontFamily": "Baloo2-Regular",
              "fontSize": 16,
              "letterSpacing": 0.16,
              "lineHeight": 24,
            },
            {
              "fontFamily": "Baloo2-SemiBold",
              "fontSize": 16,
              "letterSpacing": 0.16,
              "lineHeight": 28,
            },
          ]
        }
      >
        bought
      </Text>
      <View
        style={
          {
            "alignItems": "center",
            "display": "flex",
            "flexDirection": "row",
          }
        }
      >
        <View
          style={
            {
              "marginRight": 4,
            }
          }
        >
          <test-file-stub
            fill="#05A85A"
            style={
              [
                {
                  "height": 24,
                  "width": 24,
                },
                undefined,
              ]
            }
          />
        </View>
        <Text
          allowFontScaling={false}
          style={
            [
              {
                "color": "#2B1911",
                "fontFamily": "Baloo2-Regular",
                "fontSize": 16,
                "letterSpacing": 0.16,
                "lineHeight": 24,
              },
              {
                "color": "#7D675E",
                "fontSize": 14,
              },
            ]
          }
        >
          sep 15th, 2022
        </Text>
      </View>
    </View>
    <View>
      <View
        style={
          [
            {
              "alignItems": "center",
              "display": "flex",
              "flexDirection": "row",
            },
            undefined,
          ]
        }
      >
        <test-file-stub
          style={
            {
              "height": 12,
              "marginRight": 4,
              "marginTop": -4,
              "width": 12,
            }
          }
        />
        <View
          style={
            [
              {
                "alignItems": "center",
                "flexDirection": "row",
              },
              undefined,
            ]
          }
        >
          <Text
            allowFontScaling={false}
            style={
              [
                {
                  "color": "#2B1911",
                  "fontFamily": "Baloo2-Regular",
                  "fontSize": 16,
                  "letterSpacing": 0.16,
                  "lineHeight": 24,
                },
                [
                  {
                    "fontFamily": "CourierPrime-Regular",
                    "fontWeight": "500",
                  },
                  {
                    "color": "#EAE3DF",
                  },
                  undefined,
                ],
              ]
            }
          >
            0
            .
            00 
          </Text>
          <Text
            allowFontScaling={false}
            style={
              [
                {
                  "color": "#2B1911",
                  "fontFamily": "Baloo2-Regular",
                  "fontSize": 16,
                  "letterSpacing": 0.16,
                  "lineHeight": 24,
                },
                [
                  {
                    "fontFamily": "CourierPrime-Regular",
                    "fontWeight": "500",
                  },
                  undefined,
                  {
                    "color": "#2B1911",
                  },
                ],
              ]
            }
          >
            123 456
          </Text>
          <Text
            allowFontScaling={false}
            style={
              [
                {
                  "color": "#2B1911",
                  "fontFamily": "Baloo2-Regular",
                  "fontSize": 16,
                  "letterSpacing": 0.16,
                  "lineHeight": 24,
                },
                [
                  {
                    "fontFamily": "Baloo2-Regular",
                    "fontSize": 14,
                    "fontWeight": "500",
                    "letterSpacing": 0.14,
                    "lineHeight": 20,
                    "marginTop": 2,
                  },
                  undefined,
                  {
                    "color": "#2B1911",
                  },
                ],
              ]
            }
          >
             
            sats
          </Text>
        </View>
      </View>
      <Text
        allowFontScaling={false}
        style={
          [
            {
              "color": "#2B1911",
              "fontFamily": "Baloo2-Regular",
              "fontSize": 16,
              "letterSpacing": 0.16,
              "lineHeight": 24,
            },
            {
              "color": "#7D675E",
              "textAlign": "right",
            },
          ]
        }
      >
        100.00
         
        EUR
      </Text>
    </View>
  </View>
</View>
`;

exports[`OfferItem should render correctly for a confirmed receive tx 1`] = `
<View
  accessibilityState={
    {
      "busy": undefined,
      "checked": undefined,
      "disabled": undefined,
      "expanded": undefined,
      "selected": undefined,
    }
  }
  accessibilityValue={
    {
      "max": undefined,
      "min": undefined,
      "now": undefined,
      "text": undefined,
    }
  }
  accessible={true}
  collapsable={false}
  focusable={true}
  onClick={[Function]}
  onResponderGrant={[Function]}
  onResponderMove={[Function]}
  onResponderRelease={[Function]}
  onResponderTerminate={[Function]}
  onResponderTerminationRequest={[Function]}
  onStartShouldSetResponder={[Function]}
  style={
    {
      "backgroundColor": "#FFFCFA",
      "borderColor": "#9F8C82",
      "borderRadius": 12,
      "borderWidth": 1,
      "opacity": 1,
      "width": "100%",
    }
  }
>
  <View
    style={
      {
        "alignItems": "center",
        "borderRadius": 12,
        "display": "flex",
        "flexDirection": "row",
        "justifyContent": "space-between",
        "paddingBottom": 12,
        "paddingLeft": 16,
        "paddingRight": 16,
        "paddingTop": 12,
      }
    }
  >
    <View>
      <Text
        allowFontScaling={false}
        style={
          [
            {
              "color": "#2B1911",
              "fontFamily": "Baloo2-Regular",
              "fontSize": 16,
              "letterSpacing": 0.16,
              "lineHeight": 24,
            },
            {
              "fontFamily": "Baloo2-SemiBold",
              "fontSize": 16,
              "letterSpacing": 0.16,
              "lineHeight": 28,
            },
          ]
        }
      >
        received
      </Text>
      <View
        style={
          {
            "alignItems": "center",
            "display": "flex",
            "flexDirection": "row",
          }
        }
      >
        <View
          style={
            {
              "marginRight": 4,
            }
          }
        >
          <test-file-stub
            fill="#05A85A"
            style={
              [
                {
                  "height": 24,
                  "width": 24,
                },
                undefined,
              ]
            }
          />
        </View>
        <Text
          allowFontScaling={false}
          style={
            [
              {
                "color": "#2B1911",
                "fontFamily": "Baloo2-Regular",
                "fontSize": 16,
                "letterSpacing": 0.16,
                "lineHeight": 24,
              },
              {
                "color": "#7D675E",
                "fontSize": 14,
              },
            ]
          }
        >
          sep 15th, 2022
        </Text>
      </View>
    </View>
    <View>
      <View
        style={
          [
            {
              "alignItems": "center",
              "display": "flex",
              "flexDirection": "row",
            },
            undefined,
          ]
        }
      >
        <test-file-stub
          style={
            {
              "height": 12,
              "marginRight": 4,
              "marginTop": -4,
              "width": 12,
            }
          }
        />
        <View
          style={
            [
              {
                "alignItems": "center",
                "flexDirection": "row",
              },
              undefined,
            ]
          }
        >
          <Text
            allowFontScaling={false}
            style={
              [
                {
                  "color": "#2B1911",
                  "fontFamily": "Baloo2-Regular",
                  "fontSize": 16,
                  "letterSpacing": 0.16,
                  "lineHeight": 24,
                },
                [
                  {
                    "fontFamily": "CourierPrime-Regular",
                    "fontWeight": "500",
                  },
                  {
                    "color": "#EAE3DF",
                  },
                  undefined,
                ],
              ]
            }
          >
            0
            .
            00 
          </Text>
          <Text
            allowFontScaling={false}
            style={
              [
                {
                  "color": "#2B1911",
                  "fontFamily": "Baloo2-Regular",
                  "fontSize": 16,
                  "letterSpacing": 0.16,
                  "lineHeight": 24,
                },
                [
                  {
                    "fontFamily": "CourierPrime-Regular",
                    "fontWeight": "500",
                  },
                  undefined,
                  {
                    "color": "#2B1911",
                  },
                ],
              ]
            }
          >
            123 456
          </Text>
          <Text
            allowFontScaling={false}
            style={
              [
                {
                  "color": "#2B1911",
                  "fontFamily": "Baloo2-Regular",
                  "fontSize": 16,
                  "letterSpacing": 0.16,
                  "lineHeight": 24,
                },
                [
                  {
                    "fontFamily": "Baloo2-Regular",
                    "fontSize": 14,
                    "fontWeight": "500",
                    "letterSpacing": 0.14,
                    "lineHeight": 20,
                    "marginTop": 2,
                  },
                  undefined,
                  {
                    "color": "#2B1911",
                  },
                ],
              ]
            }
          >
             
            sats
          </Text>
        </View>
      </View>
      <Text
        allowFontScaling={false}
        style={
          [
            {
              "color": "#2B1911",
              "fontFamily": "Baloo2-Regular",
              "fontSize": 16,
              "letterSpacing": 0.16,
              "lineHeight": 24,
            },
            {
              "color": "#7D675E",
              "textAlign": "right",
            },
          ]
        }
      >
        100.00
         
        EUR
      </Text>
    </View>
  </View>
</View>
`;

exports[`OfferItem should render correctly for a confirmed refund tx 1`] = `
<View
  accessibilityState={
    {
      "busy": undefined,
      "checked": undefined,
      "disabled": undefined,
      "expanded": undefined,
      "selected": undefined,
    }
  }
  accessibilityValue={
    {
      "max": undefined,
      "min": undefined,
      "now": undefined,
      "text": undefined,
    }
  }
  accessible={true}
  collapsable={false}
  focusable={true}
  onClick={[Function]}
  onResponderGrant={[Function]}
  onResponderMove={[Function]}
  onResponderRelease={[Function]}
  onResponderTerminate={[Function]}
  onResponderTerminationRequest={[Function]}
  onStartShouldSetResponder={[Function]}
  style={
    {
      "backgroundColor": "#FFFCFA",
      "borderColor": "#9F8C82",
      "borderRadius": 12,
      "borderWidth": 1,
      "opacity": 1,
      "width": "100%",
    }
  }
>
  <View
    style={
      {
        "alignItems": "center",
        "borderRadius": 12,
        "display": "flex",
        "flexDirection": "row",
        "justifyContent": "space-between",
        "paddingBottom": 12,
        "paddingLeft": 16,
        "paddingRight": 16,
        "paddingTop": 12,
      }
    }
  >
    <View>
      <Text
        allowFontScaling={false}
        style={
          [
            {
              "color": "#2B1911",
              "fontFamily": "Baloo2-Regular",
              "fontSize": 16,
              "letterSpacing": 0.16,
              "lineHeight": 24,
            },
            {
              "fontFamily": "Baloo2-SemiBold",
              "fontSize": 16,
              "letterSpacing": 0.16,
              "lineHeight": 28,
            },
          ]
        }
      >
        refund
      </Text>
      <View
        style={
          {
            "alignItems": "center",
            "display": "flex",
            "flexDirection": "row",
          }
        }
      >
        <View
          style={
            {
              "marginRight": 4,
            }
          }
        >
          <test-file-stub
            fill="#9F8C82"
            style={
              [
                {
                  "height": 24,
                  "width": 24,
                },
                undefined,
              ]
            }
          />
        </View>
        <Text
          allowFontScaling={false}
          style={
            [
              {
                "color": "#2B1911",
                "fontFamily": "Baloo2-Regular",
                "fontSize": 16,
                "letterSpacing": 0.16,
                "lineHeight": 24,
              },
              {
                "color": "#7D675E",
                "fontSize": 14,
              },
            ]
          }
        >
          sep 15th, 2022
        </Text>
      </View>
    </View>
    <View>
      <View
        style={
          [
            {
              "alignItems": "center",
              "display": "flex",
              "flexDirection": "row",
            },
            undefined,
          ]
        }
      >
        <test-file-stub
          style={
            {
              "height": 12,
              "marginRight": 4,
              "marginTop": -4,
              "width": 12,
            }
          }
        />
        <View
          style={
            [
              {
                "alignItems": "center",
                "flexDirection": "row",
              },
              undefined,
            ]
          }
        >
          <Text
            allowFontScaling={false}
            style={
              [
                {
                  "color": "#2B1911",
                  "fontFamily": "Baloo2-Regular",
                  "fontSize": 16,
                  "letterSpacing": 0.16,
                  "lineHeight": 24,
                },
                [
                  {
                    "fontFamily": "CourierPrime-Regular",
                    "fontWeight": "500",
                  },
                  {
                    "color": "#EAE3DF",
                  },
                  undefined,
                ],
              ]
            }
          >
            0
            .
            00 
          </Text>
          <Text
            allowFontScaling={false}
            style={
              [
                {
                  "color": "#2B1911",
                  "fontFamily": "Baloo2-Regular",
                  "fontSize": 16,
                  "letterSpacing": 0.16,
                  "lineHeight": 24,
                },
                [
                  {
                    "fontFamily": "CourierPrime-Regular",
                    "fontWeight": "500",
                  },
                  undefined,
                  {
                    "color": "#2B1911",
                  },
                ],
              ]
            }
          >
            123 456
          </Text>
          <Text
            allowFontScaling={false}
            style={
              [
                {
                  "color": "#2B1911",
                  "fontFamily": "Baloo2-Regular",
                  "fontSize": 16,
                  "letterSpacing": 0.16,
                  "lineHeight": 24,
                },
                [
                  {
                    "fontFamily": "Baloo2-Regular",
                    "fontSize": 14,
                    "fontWeight": "500",
                    "letterSpacing": 0.14,
                    "lineHeight": 20,
                    "marginTop": 2,
                  },
                  undefined,
                  {
                    "color": "#2B1911",
                  },
                ],
              ]
            }
          >
             
            sats
          </Text>
        </View>
      </View>
      <Text
        allowFontScaling={false}
        style={
          [
            {
              "color": "#2B1911",
              "fontFamily": "Baloo2-Regular",
              "fontSize": 16,
              "letterSpacing": 0.16,
              "lineHeight": 24,
            },
            {
              "color": "#7D675E",
              "textAlign": "right",
            },
          ]
        }
      >
        100.00
         
        EUR
      </Text>
    </View>
  </View>
</View>
`;

exports[`OfferItem should render correctly for a escrow funded tx 1`] = `
<View
  accessibilityState={
    {
      "busy": undefined,
      "checked": undefined,
      "disabled": undefined,
      "expanded": undefined,
      "selected": undefined,
    }
  }
  accessibilityValue={
    {
      "max": undefined,
      "min": undefined,
      "now": undefined,
      "text": undefined,
    }
  }
  accessible={true}
  collapsable={false}
  focusable={true}
  onClick={[Function]}
  onResponderGrant={[Function]}
  onResponderMove={[Function]}
  onResponderRelease={[Function]}
  onResponderTerminate={[Function]}
  onResponderTerminationRequest={[Function]}
  onStartShouldSetResponder={[Function]}
  style={
    {
      "backgroundColor": "#FFFCFA",
      "borderColor": "#9F8C82",
      "borderRadius": 12,
      "borderWidth": 1,
      "opacity": 1,
      "width": "100%",
    }
  }
>
  <View
    style={
      {
        "alignItems": "center",
        "borderRadius": 12,
        "display": "flex",
        "flexDirection": "row",
        "justifyContent": "space-between",
        "paddingBottom": 12,
        "paddingLeft": 16,
        "paddingRight": 16,
        "paddingTop": 12,
      }
    }
  >
    <View>
      <Text
        allowFontScaling={false}
        style={
          [
            {
              "color": "#2B1911",
              "fontFamily": "Baloo2-Regular",
              "fontSize": 16,
              "letterSpacing": 0.16,
              "lineHeight": 24,
            },
            {
              "fontFamily": "Baloo2-SemiBold",
              "fontSize": 16,
              "letterSpacing": 0.16,
              "lineHeight": 28,
            },
          ]
        }
      >
        escrow funded
      </Text>
      <View
        style={
          {
            "alignItems": "center",
            "display": "flex",
            "flexDirection": "row",
          }
        }
      >
        <View
          style={
            {
              "marginRight": 4,
            }
          }
        >
          <test-file-stub
            fill="#F56522"
            style={
              [
                {
                  "height": 24,
                  "width": 24,
                },
                undefined,
              ]
            }
          />
        </View>
        <Text
          allowFontScaling={false}
          style={
            [
              {
                "color": "#2B1911",
                "fontFamily": "Baloo2-Regular",
                "fontSize": 16,
                "letterSpacing": 0.16,
                "lineHeight": 24,
              },
              {
                "color": "#7D675E",
                "fontSize": 14,
              },
            ]
          }
        >
          sep 15th, 2022
        </Text>
      </View>
    </View>
    <View>
      <View
        style={
          [
            {
              "alignItems": "center",
              "display": "flex",
              "flexDirection": "row",
            },
            undefined,
          ]
        }
      >
        <test-file-stub
          style={
            {
              "height": 12,
              "marginRight": 4,
              "marginTop": -4,
              "width": 12,
            }
          }
        />
        <View
          style={
            [
              {
                "alignItems": "center",
                "flexDirection": "row",
              },
              undefined,
            ]
          }
        >
          <Text
            allowFontScaling={false}
            style={
              [
                {
                  "color": "#2B1911",
                  "fontFamily": "Baloo2-Regular",
                  "fontSize": 16,
                  "letterSpacing": 0.16,
                  "lineHeight": 24,
                },
                [
                  {
                    "fontFamily": "CourierPrime-Regular",
                    "fontWeight": "500",
                  },
                  {
                    "color": "#EAE3DF",
                  },
                  undefined,
                ],
              ]
            }
          >
            0
            .
            00 
          </Text>
          <Text
            allowFontScaling={false}
            style={
              [
                {
                  "color": "#2B1911",
                  "fontFamily": "Baloo2-Regular",
                  "fontSize": 16,
                  "letterSpacing": 0.16,
                  "lineHeight": 24,
                },
                [
                  {
                    "fontFamily": "CourierPrime-Regular",
                    "fontWeight": "500",
                  },
                  undefined,
                  {
                    "color": "#2B1911",
                  },
                ],
              ]
            }
          >
            123 456
          </Text>
          <Text
            allowFontScaling={false}
            style={
              [
                {
                  "color": "#2B1911",
                  "fontFamily": "Baloo2-Regular",
                  "fontSize": 16,
                  "letterSpacing": 0.16,
                  "lineHeight": 24,
                },
                [
                  {
                    "fontFamily": "Baloo2-Regular",
                    "fontSize": 14,
                    "fontWeight": "500",
                    "letterSpacing": 0.14,
                    "lineHeight": 20,
                    "marginTop": 2,
                  },
                  undefined,
                  {
                    "color": "#2B1911",
                  },
                ],
              ]
            }
          >
             
            sats
          </Text>
        </View>
      </View>
      <Text
        allowFontScaling={false}
        style={
          [
            {
              "color": "#2B1911",
              "fontFamily": "Baloo2-Regular",
              "fontSize": 16,
              "letterSpacing": 0.16,
              "lineHeight": 24,
            },
            {
              "color": "#7D675E",
              "textAlign": "right",
            },
          ]
        }
      >
        100.00
         
        EUR
      </Text>
    </View>
  </View>
</View>
`;

exports[`OfferItem should render correctly for a pending buy trade tx 1`] = `
<View
  accessibilityState={
    {
      "busy": undefined,
      "checked": undefined,
      "disabled": undefined,
      "expanded": undefined,
      "selected": undefined,
    }
  }
  accessibilityValue={
    {
      "max": undefined,
      "min": undefined,
      "now": undefined,
      "text": undefined,
    }
  }
  accessible={true}
  collapsable={false}
  focusable={true}
  onClick={[Function]}
  onResponderGrant={[Function]}
  onResponderMove={[Function]}
  onResponderRelease={[Function]}
  onResponderTerminate={[Function]}
  onResponderTerminationRequest={[Function]}
  onStartShouldSetResponder={[Function]}
  style={
    {
      "backgroundColor": "#FFFCFA",
      "borderColor": "#05A85A",
      "borderRadius": 12,
      "borderWidth": 1,
      "opacity": 1,
      "width": "100%",
    }
  }
>
  <View
    style={
      {
        "alignItems": "center",
        "borderRadius": 12,
        "display": "flex",
        "flexDirection": "row",
        "justifyContent": "space-between",
        "paddingBottom": 12,
        "paddingLeft": 16,
        "paddingRight": 16,
        "paddingTop": 12,
      }
    }
  >
    <View>
      <Text
        allowFontScaling={false}
        style={
          [
            {
              "color": "#2B1911",
              "fontFamily": "Baloo2-Regular",
              "fontSize": 16,
              "letterSpacing": 0.16,
              "lineHeight": 24,
            },
            {
              "fontFamily": "Baloo2-SemiBold",
              "fontSize": 16,
              "letterSpacing": 0.16,
              "lineHeight": 28,
            },
          ]
        }
      >
        bought
      </Text>
      <View
        style={
          {
            "alignItems": "center",
            "display": "flex",
            "flexDirection": "row",
          }
        }
      >
        <View
          style={
            {
              "marginRight": 4,
            }
          }
        >
          <test-file-stub
            fill="#05A85A"
            style={
              [
                {
                  "height": 24,
                  "width": 24,
                },
                undefined,
              ]
            }
          />
        </View>
        <Text
          allowFontScaling={false}
          style={
            [
              {
                "color": "#2B1911",
                "fontFamily": "Baloo2-Regular",
                "fontSize": 16,
                "letterSpacing": 0.16,
                "lineHeight": 24,
              },
              {
                "color": "#7D675E",
                "fontSize": 14,
              },
            ]
          }
        >
          sep 15th, 2022
        </Text>
      </View>
    </View>
    <View>
      <View
        style={
          [
            {
              "alignItems": "center",
              "display": "flex",
              "flexDirection": "row",
            },
            undefined,
          ]
        }
      >
        <test-file-stub
          style={
            {
              "height": 12,
              "marginRight": 4,
              "marginTop": -4,
              "width": 12,
            }
          }
        />
        <View
          style={
            [
              {
                "alignItems": "center",
                "flexDirection": "row",
              },
              undefined,
            ]
          }
        >
          <Text
            allowFontScaling={false}
            style={
              [
                {
                  "color": "#2B1911",
                  "fontFamily": "Baloo2-Regular",
                  "fontSize": 16,
                  "letterSpacing": 0.16,
                  "lineHeight": 24,
                },
                [
                  {
                    "fontFamily": "CourierPrime-Regular",
                    "fontWeight": "500",
                  },
                  {
                    "color": "#EAE3DF",
                  },
                  undefined,
                ],
              ]
            }
          >
            0
            .
            00 
          </Text>
          <Text
            allowFontScaling={false}
            style={
              [
                {
                  "color": "#2B1911",
                  "fontFamily": "Baloo2-Regular",
                  "fontSize": 16,
                  "letterSpacing": 0.16,
                  "lineHeight": 24,
                },
                [
                  {
                    "fontFamily": "CourierPrime-Regular",
                    "fontWeight": "500",
                  },
                  undefined,
                  {
                    "color": "#2B1911",
                  },
                ],
              ]
            }
          >
            123 456
          </Text>
          <Text
            allowFontScaling={false}
            style={
              [
                {
                  "color": "#2B1911",
                  "fontFamily": "Baloo2-Regular",
                  "fontSize": 16,
                  "letterSpacing": 0.16,
                  "lineHeight": 24,
                },
                [
                  {
                    "fontFamily": "Baloo2-Regular",
                    "fontSize": 14,
                    "fontWeight": "500",
                    "letterSpacing": 0.14,
                    "lineHeight": 20,
                    "marginTop": 2,
                  },
                  undefined,
                  {
                    "color": "#2B1911",
                  },
                ],
              ]
            }
          >
             
            sats
          </Text>
        </View>
      </View>
      <Text
        allowFontScaling={false}
        style={
          [
            {
              "color": "#2B1911",
              "fontFamily": "Baloo2-Regular",
              "fontSize": 16,
              "letterSpacing": 0.16,
              "lineHeight": 24,
            },
            {
              "color": "#7D675E",
              "textAlign": "right",
            },
          ]
        }
      >
        100.00
         
        EUR
      </Text>
    </View>
  </View>
</View>
`;

exports[`OfferItem should render correctly for a pending confirmed tx 1`] = `
<View
  accessibilityState={
    {
      "busy": undefined,
      "checked": undefined,
      "disabled": undefined,
      "expanded": undefined,
      "selected": undefined,
    }
  }
  accessibilityValue={
    {
      "max": undefined,
      "min": undefined,
      "now": undefined,
      "text": undefined,
    }
  }
  accessible={true}
  collapsable={false}
  focusable={true}
  onClick={[Function]}
  onResponderGrant={[Function]}
  onResponderMove={[Function]}
  onResponderRelease={[Function]}
  onResponderTerminate={[Function]}
  onResponderTerminationRequest={[Function]}
  onStartShouldSetResponder={[Function]}
  style={
    {
      "backgroundColor": "#FFFCFA",
      "borderColor": "#F56522",
      "borderRadius": 12,
      "borderWidth": 1,
      "opacity": 1,
      "width": "100%",
    }
  }
>
  <View
    style={
      {
        "alignItems": "center",
        "borderRadius": 12,
        "display": "flex",
        "flexDirection": "row",
        "justifyContent": "space-between",
        "paddingBottom": 12,
        "paddingLeft": 16,
        "paddingRight": 16,
        "paddingTop": 12,
      }
    }
  >
    <View>
      <Text
        allowFontScaling={false}
        style={
          [
            {
              "color": "#2B1911",
              "fontFamily": "Baloo2-Regular",
              "fontSize": 16,
              "letterSpacing": 0.16,
              "lineHeight": 24,
            },
            {
              "fontFamily": "Baloo2-SemiBold",
              "fontSize": 16,
              "letterSpacing": 0.16,
              "lineHeight": 28,
            },
          ]
        }
      >
        sent
      </Text>
      <View
        style={
          {
            "alignItems": "center",
            "display": "flex",
            "flexDirection": "row",
          }
        }
      >
        <View
          style={
            {
              "marginRight": 4,
            }
          }
        >
          <test-file-stub
            fill="#F56522"
            style={
              [
                {
                  "height": 24,
                  "width": 24,
                },
                undefined,
              ]
            }
          />
        </View>
        <Text
          allowFontScaling={false}
          style={
            [
              {
                "color": "#2B1911",
                "fontFamily": "Baloo2-Regular",
                "fontSize": 16,
                "letterSpacing": 0.16,
                "lineHeight": 24,
              },
              {
                "color": "#7D675E",
                "fontSize": 14,
              },
            ]
          }
        >
          sep 15th, 2022
        </Text>
      </View>
    </View>
    <View>
      <View
        style={
          [
            {
              "alignItems": "center",
              "display": "flex",
              "flexDirection": "row",
            },
            undefined,
          ]
        }
      >
        <test-file-stub
          style={
            {
              "height": 12,
              "marginRight": 4,
              "marginTop": -4,
              "width": 12,
            }
          }
        />
        <View
          style={
            [
              {
                "alignItems": "center",
                "flexDirection": "row",
              },
              undefined,
            ]
          }
        >
          <Text
            allowFontScaling={false}
            style={
              [
                {
                  "color": "#2B1911",
                  "fontFamily": "Baloo2-Regular",
                  "fontSize": 16,
                  "letterSpacing": 0.16,
                  "lineHeight": 24,
                },
                [
                  {
                    "fontFamily": "CourierPrime-Regular",
                    "fontWeight": "500",
                  },
                  {
                    "color": "#EAE3DF",
                  },
                  undefined,
                ],
              ]
            }
          >
            0
            .
            00 
          </Text>
          <Text
            allowFontScaling={false}
            style={
              [
                {
                  "color": "#2B1911",
                  "fontFamily": "Baloo2-Regular",
                  "fontSize": 16,
                  "letterSpacing": 0.16,
                  "lineHeight": 24,
                },
                [
                  {
                    "fontFamily": "CourierPrime-Regular",
                    "fontWeight": "500",
                  },
                  undefined,
                  {
                    "color": "#2B1911",
                  },
                ],
              ]
            }
          >
            123 456
          </Text>
          <Text
            allowFontScaling={false}
            style={
              [
                {
                  "color": "#2B1911",
                  "fontFamily": "Baloo2-Regular",
                  "fontSize": 16,
                  "letterSpacing": 0.16,
                  "lineHeight": 24,
                },
                [
                  {
                    "fontFamily": "Baloo2-Regular",
                    "fontSize": 14,
                    "fontWeight": "500",
                    "letterSpacing": 0.14,
                    "lineHeight": 20,
                    "marginTop": 2,
                  },
                  undefined,
                  {
                    "color": "#2B1911",
                  },
                ],
              ]
            }
          >
             
            sats
          </Text>
        </View>
      </View>
      <Text
        allowFontScaling={false}
        style={
          [
            {
              "color": "#2B1911",
              "fontFamily": "Baloo2-Regular",
              "fontSize": 16,
              "letterSpacing": 0.16,
              "lineHeight": 24,
            },
            {
              "color": "#7D675E",
              "textAlign": "right",
            },
          ]
        }
      >
        100.00
         
        EUR
      </Text>
    </View>
  </View>
</View>
`;

exports[`OfferItem should render correctly for a pending receive tx 1`] = `
<View
  accessibilityState={
    {
      "busy": undefined,
      "checked": undefined,
      "disabled": undefined,
      "expanded": undefined,
      "selected": undefined,
    }
  }
  accessibilityValue={
    {
      "max": undefined,
      "min": undefined,
      "now": undefined,
      "text": undefined,
    }
  }
  accessible={true}
  collapsable={false}
  focusable={true}
  onClick={[Function]}
  onResponderGrant={[Function]}
  onResponderMove={[Function]}
  onResponderRelease={[Function]}
  onResponderTerminate={[Function]}
  onResponderTerminationRequest={[Function]}
  onStartShouldSetResponder={[Function]}
  style={
    {
      "backgroundColor": "#FFFCFA",
      "borderColor": "#9F8C82",
      "borderRadius": 12,
      "borderWidth": 1,
      "opacity": 1,
      "width": "100%",
    }
  }
>
  <View
    style={
      {
        "alignItems": "center",
        "borderRadius": 12,
        "display": "flex",
        "flexDirection": "row",
        "justifyContent": "space-between",
        "paddingBottom": 12,
        "paddingLeft": 16,
        "paddingRight": 16,
        "paddingTop": 12,
      }
    }
  >
    <View>
      <Text
        allowFontScaling={false}
        style={
          [
            {
              "color": "#2B1911",
              "fontFamily": "Baloo2-Regular",
              "fontSize": 16,
              "letterSpacing": 0.16,
              "lineHeight": 24,
            },
            {
              "fontFamily": "Baloo2-SemiBold",
              "fontSize": 16,
              "letterSpacing": 0.16,
              "lineHeight": 28,
            },
          ]
        }
      >
        received
      </Text>
      <View
        style={
          {
            "alignItems": "center",
            "display": "flex",
            "flexDirection": "row",
          }
        }
      >
        <View
          style={
            {
              "marginRight": 4,
            }
          }
        >
          <test-file-stub
            fill="#05A85A"
            style={
              [
                {
                  "height": 24,
                  "width": 24,
                },
                undefined,
              ]
            }
          />
        </View>
        <Text
          allowFontScaling={false}
          style={
            [
              {
                "color": "#2B1911",
                "fontFamily": "Baloo2-Regular",
                "fontSize": 16,
                "letterSpacing": 0.16,
                "lineHeight": 24,
              },
              {
                "color": "#7D675E",
                "fontSize": 14,
              },
            ]
          }
        >
          sep 15th, 2022
        </Text>
      </View>
    </View>
    <View>
      <View
        style={
          [
            {
              "alignItems": "center",
              "display": "flex",
              "flexDirection": "row",
            },
            undefined,
          ]
        }
      >
        <test-file-stub
          style={
            {
              "height": 12,
              "marginRight": 4,
              "marginTop": -4,
              "width": 12,
            }
          }
        />
        <View
          style={
            [
              {
                "alignItems": "center",
                "flexDirection": "row",
              },
              undefined,
            ]
          }
        >
          <Text
            allowFontScaling={false}
            style={
              [
                {
                  "color": "#2B1911",
                  "fontFamily": "Baloo2-Regular",
                  "fontSize": 16,
                  "letterSpacing": 0.16,
                  "lineHeight": 24,
                },
                [
                  {
                    "fontFamily": "CourierPrime-Regular",
                    "fontWeight": "500",
                  },
                  {
                    "color": "#EAE3DF",
                  },
                  undefined,
                ],
              ]
            }
          >
            0
            .
            00 
          </Text>
          <Text
            allowFontScaling={false}
            style={
              [
                {
                  "color": "#2B1911",
                  "fontFamily": "Baloo2-Regular",
                  "fontSize": 16,
                  "letterSpacing": 0.16,
                  "lineHeight": 24,
                },
                [
                  {
                    "fontFamily": "CourierPrime-Regular",
                    "fontWeight": "500",
                  },
                  undefined,
                  {
                    "color": "#2B1911",
                  },
                ],
              ]
            }
          >
            123 456
          </Text>
          <Text
            allowFontScaling={false}
            style={
              [
                {
                  "color": "#2B1911",
                  "fontFamily": "Baloo2-Regular",
                  "fontSize": 16,
                  "letterSpacing": 0.16,
                  "lineHeight": 24,
                },
                [
                  {
                    "fontFamily": "Baloo2-Regular",
                    "fontSize": 14,
                    "fontWeight": "500",
                    "letterSpacing": 0.14,
                    "lineHeight": 20,
                    "marginTop": 2,
                  },
                  undefined,
                  {
                    "color": "#2B1911",
                  },
                ],
              ]
            }
          >
             
            sats
          </Text>
        </View>
      </View>
      <Text
        allowFontScaling={false}
        style={
          [
            {
              "color": "#2B1911",
              "fontFamily": "Baloo2-Regular",
              "fontSize": 16,
              "letterSpacing": 0.16,
              "lineHeight": 24,
            },
            {
              "color": "#7D675E",
              "textAlign": "right",
            },
          ]
        }
      >
        100.00
         
        EUR
      </Text>
    </View>
  </View>
</View>
`;

exports[`OfferItem should render correctly for a pending refund tx 1`] = `
<View
  accessibilityState={
    {
      "busy": undefined,
      "checked": undefined,
      "disabled": undefined,
      "expanded": undefined,
      "selected": undefined,
    }
  }
  accessibilityValue={
    {
      "max": undefined,
      "min": undefined,
      "now": undefined,
      "text": undefined,
    }
  }
  accessible={true}
  collapsable={false}
  focusable={true}
  onClick={[Function]}
  onResponderGrant={[Function]}
  onResponderMove={[Function]}
  onResponderRelease={[Function]}
  onResponderTerminate={[Function]}
  onResponderTerminationRequest={[Function]}
  onStartShouldSetResponder={[Function]}
  style={
    {
      "backgroundColor": "#FFFCFA",
      "borderColor": "#9F8C82",
      "borderRadius": 12,
      "borderWidth": 1,
      "opacity": 1,
      "width": "100%",
    }
  }
>
  <View
    style={
      {
        "alignItems": "center",
        "borderRadius": 12,
        "display": "flex",
        "flexDirection": "row",
        "justifyContent": "space-between",
        "paddingBottom": 12,
        "paddingLeft": 16,
        "paddingRight": 16,
        "paddingTop": 12,
      }
    }
  >
    <View>
      <Text
        allowFontScaling={false}
        style={
          [
            {
              "color": "#2B1911",
              "fontFamily": "Baloo2-Regular",
              "fontSize": 16,
              "letterSpacing": 0.16,
              "lineHeight": 24,
            },
            {
              "fontFamily": "Baloo2-SemiBold",
              "fontSize": 16,
              "letterSpacing": 0.16,
              "lineHeight": 28,
            },
          ]
        }
      >
        refund
      </Text>
      <View
        style={
          {
            "alignItems": "center",
            "display": "flex",
            "flexDirection": "row",
          }
        }
      >
        <View
          style={
            {
              "marginRight": 4,
            }
          }
        >
          <test-file-stub
            fill="#9F8C82"
            style={
              [
                {
                  "height": 24,
                  "width": 24,
                },
                undefined,
              ]
            }
          />
        </View>
        <Text
          allowFontScaling={false}
          style={
            [
              {
                "color": "#2B1911",
                "fontFamily": "Baloo2-Regular",
                "fontSize": 16,
                "letterSpacing": 0.16,
                "lineHeight": 24,
              },
              {
                "color": "#7D675E",
                "fontSize": 14,
              },
            ]
          }
        >
          sep 15th, 2022
        </Text>
      </View>
    </View>
    <View>
      <View
        style={
          [
            {
              "alignItems": "center",
              "display": "flex",
              "flexDirection": "row",
            },
            undefined,
          ]
        }
      >
        <test-file-stub
          style={
            {
              "height": 12,
              "marginRight": 4,
              "marginTop": -4,
              "width": 12,
            }
          }
        />
        <View
          style={
            [
              {
                "alignItems": "center",
                "flexDirection": "row",
              },
              undefined,
            ]
          }
        >
          <Text
            allowFontScaling={false}
            style={
              [
                {
                  "color": "#2B1911",
                  "fontFamily": "Baloo2-Regular",
                  "fontSize": 16,
                  "letterSpacing": 0.16,
                  "lineHeight": 24,
                },
                [
                  {
                    "fontFamily": "CourierPrime-Regular",
                    "fontWeight": "500",
                  },
                  {
                    "color": "#EAE3DF",
                  },
                  undefined,
                ],
              ]
            }
          >
            0
            .
            00 
          </Text>
          <Text
            allowFontScaling={false}
            style={
              [
                {
                  "color": "#2B1911",
                  "fontFamily": "Baloo2-Regular",
                  "fontSize": 16,
                  "letterSpacing": 0.16,
                  "lineHeight": 24,
                },
                [
                  {
                    "fontFamily": "CourierPrime-Regular",
                    "fontWeight": "500",
                  },
                  undefined,
                  {
                    "color": "#2B1911",
                  },
                ],
              ]
            }
          >
            123 456
          </Text>
          <Text
            allowFontScaling={false}
            style={
              [
                {
                  "color": "#2B1911",
                  "fontFamily": "Baloo2-Regular",
                  "fontSize": 16,
                  "letterSpacing": 0.16,
                  "lineHeight": 24,
                },
                [
                  {
                    "fontFamily": "Baloo2-Regular",
                    "fontSize": 14,
                    "fontWeight": "500",
                    "letterSpacing": 0.14,
                    "lineHeight": 20,
                    "marginTop": 2,
                  },
                  undefined,
                  {
                    "color": "#2B1911",
                  },
                ],
              ]
            }
          >
             
            sats
          </Text>
        </View>
      </View>
      <Text
        allowFontScaling={false}
        style={
          [
            {
              "color": "#2B1911",
              "fontFamily": "Baloo2-Regular",
              "fontSize": 16,
              "letterSpacing": 0.16,
              "lineHeight": 24,
            },
            {
              "color": "#7D675E",
              "textAlign": "right",
            },
          ]
        }
      >
        100.00
         
        EUR
      </Text>
    </View>
  </View>
</View>
`;

exports[`OfferItem should render correctly for a pending sent tx 1`] = `
<View
  accessibilityState={
    {
      "busy": undefined,
      "checked": undefined,
      "disabled": undefined,
      "expanded": undefined,
      "selected": undefined,
    }
  }
  accessibilityValue={
    {
      "max": undefined,
      "min": undefined,
      "now": undefined,
      "text": undefined,
    }
  }
  accessible={true}
  collapsable={false}
  focusable={true}
  onClick={[Function]}
  onResponderGrant={[Function]}
  onResponderMove={[Function]}
  onResponderRelease={[Function]}
  onResponderTerminate={[Function]}
  onResponderTerminationRequest={[Function]}
  onStartShouldSetResponder={[Function]}
  style={
    {
      "backgroundColor": "#FFFCFA",
      "borderColor": "#F56522",
      "borderRadius": 12,
      "borderWidth": 1,
      "opacity": 1,
      "width": "100%",
    }
  }
>
  <View
    style={
      {
        "alignItems": "center",
        "borderRadius": 12,
        "display": "flex",
        "flexDirection": "row",
        "justifyContent": "space-between",
        "paddingBottom": 12,
        "paddingLeft": 16,
        "paddingRight": 16,
        "paddingTop": 12,
      }
    }
  >
    <View>
      <Text
        allowFontScaling={false}
        style={
          [
            {
              "color": "#2B1911",
              "fontFamily": "Baloo2-Regular",
              "fontSize": 16,
              "letterSpacing": 0.16,
              "lineHeight": 24,
            },
            {
              "fontFamily": "Baloo2-SemiBold",
              "fontSize": 16,
              "letterSpacing": 0.16,
              "lineHeight": 28,
            },
          ]
        }
      >
        sent
      </Text>
      <View
        style={
          {
            "alignItems": "center",
            "display": "flex",
            "flexDirection": "row",
          }
        }
      >
        <View
          style={
            {
              "marginRight": 4,
            }
          }
        >
          <test-file-stub
            fill="#F56522"
            style={
              [
                {
                  "height": 24,
                  "width": 24,
                },
                undefined,
              ]
            }
          />
        </View>
        <Text
          allowFontScaling={false}
          style={
            [
              {
                "color": "#2B1911",
                "fontFamily": "Baloo2-Regular",
                "fontSize": 16,
                "letterSpacing": 0.16,
                "lineHeight": 24,
              },
              {
                "color": "#7D675E",
                "fontSize": 14,
              },
            ]
          }
        >
          sep 15th, 2022
        </Text>
      </View>
    </View>
    <View>
      <View
        style={
          [
            {
              "alignItems": "center",
              "display": "flex",
              "flexDirection": "row",
            },
            undefined,
          ]
        }
      >
        <test-file-stub
          style={
            {
              "height": 12,
              "marginRight": 4,
              "marginTop": -4,
              "width": 12,
            }
          }
        />
        <View
          style={
            [
              {
                "alignItems": "center",
                "flexDirection": "row",
              },
              undefined,
            ]
          }
        >
          <Text
            allowFontScaling={false}
            style={
              [
                {
                  "color": "#2B1911",
                  "fontFamily": "Baloo2-Regular",
                  "fontSize": 16,
                  "letterSpacing": 0.16,
                  "lineHeight": 24,
                },
                [
                  {
                    "fontFamily": "CourierPrime-Regular",
                    "fontWeight": "500",
                  },
                  {
                    "color": "#EAE3DF",
                  },
                  undefined,
                ],
              ]
            }
          >
            0
            .
            00 
          </Text>
          <Text
            allowFontScaling={false}
            style={
              [
                {
                  "color": "#2B1911",
                  "fontFamily": "Baloo2-Regular",
                  "fontSize": 16,
                  "letterSpacing": 0.16,
                  "lineHeight": 24,
                },
                [
                  {
                    "fontFamily": "CourierPrime-Regular",
                    "fontWeight": "500",
                  },
                  undefined,
                  {
                    "color": "#2B1911",
                  },
                ],
              ]
            }
          >
            123 456
          </Text>
          <Text
            allowFontScaling={false}
            style={
              [
                {
                  "color": "#2B1911",
                  "fontFamily": "Baloo2-Regular",
                  "fontSize": 16,
                  "letterSpacing": 0.16,
                  "lineHeight": 24,
                },
                [
                  {
                    "fontFamily": "Baloo2-Regular",
                    "fontSize": 14,
                    "fontWeight": "500",
                    "letterSpacing": 0.14,
                    "lineHeight": 20,
                    "marginTop": 2,
                  },
                  undefined,
                  {
                    "color": "#2B1911",
                  },
                ],
              ]
            }
          >
             
            sats
          </Text>
        </View>
      </View>
      <Text
        allowFontScaling={false}
        style={
          [
            {
              "color": "#2B1911",
              "fontFamily": "Baloo2-Regular",
              "fontSize": 16,
              "letterSpacing": 0.16,
              "lineHeight": 24,
            },
            {
              "color": "#7D675E",
              "textAlign": "right",
            },
          ]
        }
      >
        100.00
         
        EUR
      </Text>
    </View>
  </View>
</View>
`;
