// Jest Snapshot v1, https://goo.gl/fbAQLP

exports[`MissingPermissionsPopup should render correctly 1`] = `
<PopupComponent
  actionBgColor={
    {
      "backgroundColor": "#F5CE22",
    }
  }
  actions={
    <React.Fragment>
      <ClosePopupAction
        textStyle={
          {
            "color": "#2B1911",
          }
        }
      />
      <OpenSettingsAction />
    </React.Fragment>
  }
  bgColor={
    {
      "backgroundColor": "#FDF6C0",
    }
  }
  content={<MissingPermissionsContent />}
  title="Missing permissions"
/>
`;
