// Jest Snapshot v1, https://goo.gl/fbAQLP

exports[`PaymentTooLate renders correctly 1`] = `
<React.Fragment>
  <PeachText
    style={
      {
        "color": "#2B1911",
        "fontFamily": "Baloo2-Regular",
        "fontSize": 16,
        "letterSpacing": 0.16,
        "lineHeight": 24,
        "marginBottom": 12,
      }
    }
  >
    The seller has been notified that you were not on time. Now you'll have to wait until he makes a decision: either give you more time, or cancel the trade.
  </PeachText>
  <PeachText
    style={
      {
        "color": "#2B1911",
        "fontFamily": "Baloo2-Regular",
        "fontSize": 16,
        "letterSpacing": 0.16,
        "lineHeight": 24,
      }
    }
  >
    In either case, your reputation has been impacted.
  </PeachText>
</React.Fragment>
`;
