// Jest Snapshot v1, https://goo.gl/fbAQLP

exports[`MenuItem should render correctly 1`] = `
<TouchableOpacity
  onPress={[MockFunction]}
  style={
    [
      {
        "alignItems": "center",
        "flexDirection": "row",
        "justifyContent": "space-between",
        "width": 240,
      },
      {
        "marginTop": 8,
      },
    ]
  }
>
  <PeachText
    style={
      {
        "color": "#FFFCFA",
        "fontFamily": "Baloo2-SemiBold",
        "fontSize": 20,
        "letterSpacing": 0.2,
        "lineHeight": 32,
        "textTransform": "lowercase",
      }
    }
  >
    test
  </PeachText>
  <Icon
    color="#FFFCFA"
    id="chevronRight"
    style={
      {
        "height": 24,
        "width": 24,
      }
    }
  />
</TouchableOpacity>
`;
