// Jest Snapshot v1, https://goo.gl/fbAQLP

exports[`TradeBreakdownSats renders correctly 1`] = `
<SatsFormat
  bitcoinLogoStyle={
    {
      "height": 18,
      "marginRight": 8,
      "width": 18,
    }
  }
  containerStyle={
    {
      "alignItems": "flex-start",
      "height": 20,
      "justifyContent": "space-between",
      "width": 180,
    }
  }
  sats={210000}
  satsStyle={
    {
      "fontFamily": "Baloo2-Regular",
      "fontSize": 14,
      "fontWeight": "normal",
      "letterSpacing": 0.14,
      "lineHeight": 20,
    }
  }
  style={
    {
      "fontFamily": "Baloo2-Regular",
      "fontSize": 20,
      "fontWeight": "normal",
      "letterSpacing": 0.2,
      "lineHeight": 25,
    }
  }
/>
`;
