// Jest Snapshot v1, https://goo.gl/fbAQLP

exports[`CashTrades renders correctly 1`] = `
<React.Fragment>
  <PeachText
    style={
      {
        "marginBottom": 12,
      }
    }
  >
    Please be safe and understand the risks of trading bitcoin in cash.
  </PeachText>
  <BulletPoint
    text="Peach cannot check in any way if the payment was made"
  />
  <BulletPoint
    text="No mediation will be available"
  />
  <BulletPoint
    text="Always trade on the conference or in a public space"
  />
  <BulletPoint
    text="Preferably, trade with a trusted peer"
  />
</React.Fragment>
`;
