// Jest Snapshot v1, https://goo.gl/fbAQLP

exports[`PaymentMethodsHelp renders correctly 1`] = `
<React.Fragment>
  <PeachText>
    You can add & select as many payment methods as you want for each trade!
  </PeachText>
  <PeachText>
    They are stored on your phone, and only the person that you trade with can see this information (unless you raise a dispute).
  </PeachText>
</React.Fragment>
`;
