// Jest Snapshot v1, https://goo.gl/fbAQLP

exports[`YourPassword renders correctly 1`] = `
<React.Fragment>
  <PeachText>
    It's important that this password is secure, because it protects your data and your funds.
  </PeachText>
  <PeachText
    style={
      {
        "marginTop": 12,
      }
    }
  >
    A good password  is:
  </PeachText>
  <View
    style={
      {
        "marginBottom": 12,
        "marginTop": 12,
        "paddingLeft": 4,
      }
    }
  >
    <PeachText>
      1. Only used once
    </PeachText>
    <PeachText>
      2. Long (more than 12 characters)
    </PeachText>
    <PeachText>
      3. Random
    </PeachText>
  </View>
  <PeachText
    style={
      {
        "fontWeight": "bold",
      }
    }
  >
    We do not store this password, and cannot help you recover it!
  </PeachText>
</React.Fragment>
`;
