// Jest Snapshot v1, https://goo.gl/fbAQLP

exports[`usePremiumSetup calls useSellSetup with correct params 1`] = `
<Header
  icons={
    [
      {
        "color": "#099DE2",
        "id": "helpCircle",
        "onPress": [Function],
      },
    ]
  }
  titleComponent={<SellTitleComponent />}
/>
`;
