// Jest Snapshot v1, https://goo.gl/fbAQLP

exports[`WrongFundingAmountSummary renders correctly 1`] = `
<View
  style={
    {
      "flexGrow": 1,
      "gap": 12,
    }
  }
>
  <Divider
    icon={
      <Icon
        id="download"
        size={20}
      />
    }
    text="wrong amount funded"
  />
  <View
    style={
      {
        "gap": 4,
      }
    }
  >
    <LabelAndAmount
      amount={69420}
      label="funded"
    />
    <LabelAndAmount
      amount={42069}
      label="amount"
    />
  </View>
  <PeachText
    style={
      {
        "fontFamily": "Baloo2-Regular",
        "fontSize": 14,
        "letterSpacing": 0.14,
        "lineHeight": 20,
      }
    }
  >
    You funded the escrow with 69 420 sats, while you made a trade for 42 069 sats.
  </PeachText>
  <PeachText
    style={
      {
        "fontFamily": "Baloo2-Regular",
        "fontSize": 14,
        "letterSpacing": 0.14,
        "lineHeight": 20,
      }
    }
  >
    Do you want to continue the trade with 69 420 sats, or do you want to be refunded?
  </PeachText>
</View>
`;
