// Jest Snapshot v1, https://goo.gl/fbAQLP

exports[`WrongFundingAmount should render correctly 1`] = `
<View
  onLayout={[Function]}
  style={
    [
      {
        "flexBasis": "0%",
        "flexGrow": 1,
        "flexShrink": 1,
      },
      {
        "paddingBottom": 0,
      },
    ]
  }
>
  <View
    accessibilityState={
      {
        "busy": undefined,
        "checked": undefined,
        "disabled": undefined,
        "expanded": undefined,
        "selected": undefined,
      }
    }
    accessible={true}
    focusable={true}
    onClick={[Function]}
    onResponderGrant={[Function]}
    onResponderMove={[Function]}
    onResponderRelease={[Function]}
    onResponderTerminate={[Function]}
    onResponderTerminationRequest={[Function]}
    onStartShouldSetResponder={[Function]}
    style={
      {
        "flexBasis": "0%",
        "flexGrow": 1,
        "flexShrink": 1,
      }
    }
  >
    <View
      style={
        [
          {
            "borderBottomLeftRadius": 8,
            "borderBottomRightRadius": 8,
            "borderBottomWidth": 1,
          },
          {
            "paddingTop": 0,
            "zIndex": 1,
          },
          {
            "backgroundColor": "#FFF9F6",
          },
          {
            "borderColor": "#FEEDE5",
          },
        ]
      }
    >
      <View
        style={
          [
            {
              "alignItems": "center",
              "flexDirection": "row",
              "gap": 8,
              "paddingBottom": 6,
              "paddingLeft": 8,
              "paddingRight": 8,
              "paddingTop": 6,
            },
            {},
            undefined,
          ]
        }
      >
        <View
          style={
            {
              "alignItems": "center",
              "flexBasis": "0%",
              "flexDirection": "row",
              "flexGrow": 1,
              "flexShrink": 1,
              "gap": 4,
            }
          }
        >
          <Text
            allowFontScaling={false}
            numberOfLines={1}
            style={
              [
                {
                  "color": "#2B1911",
                  "fontFamily": "Baloo2-Regular",
                  "fontSize": 16,
                  "letterSpacing": 0.16,
                  "lineHeight": 24,
                },
                [
                  {
                    "fontFamily": "Baloo2-Bold",
                    "fontSize": 16,
                    "letterSpacing": 0.16,
                    "lineHeight": 26,
                  },
                  {},
                  {
                    "color": "#2B1911",
                  },
                  {
                    "flexBasis": "0%",
                    "flexGrow": 1,
                    "flexShrink": 1,
                  },
                ],
                false,
              ]
            }
          >
            P‑0
          </Text>
        </View>
        <View
          style={
            {
              "alignItems": "center",
              "flexDirection": "row",
              "gap": 10,
              "justifyContent": "flex-end",
            }
          }
        />
      </View>
    </View>
    <View
      style={
        [
          {
            "flexBasis": "0%",
            "flexGrow": 1,
            "flexShrink": 1,
          },
          false,
          {
            "paddingBottom": 0,
          },
        ]
      }
    >
      <View
        style={
          [
            {
              "flexBasis": "0%",
              "flexGrow": 1,
              "flexShrink": 1,
              "paddingBottom": 8,
              "paddingLeft": 8,
              "paddingRight": 8,
              "paddingTop": 8,
            },
            {},
            undefined,
          ]
        }
      >
        <View
          style={
            {
              "flexGrow": 1,
              "gap": 12,
            }
          }
        >
          <View
            style={
              [
                {
                  "alignItems": "center",
                  "flexDirection": "row",
                },
                undefined,
              ]
            }
          >
            <test-file-stub
              fill="#888"
              style={
                [
                  {
                    "height": 20,
                    "width": 20,
                  },
                  undefined,
                ]
              }
            />
            <Text
              allowFontScaling={false}
              style={
                [
                  {
                    "color": "#2B1911",
                    "fontFamily": "Baloo2-Regular",
                    "fontSize": 16,
                    "letterSpacing": 0.16,
                    "lineHeight": 24,
                  },
                  [
                    {
                      "color": "#7D675E",
                      "marginRight": 8,
                    },
                    false,
                    {},
                    false,
                    false,
                  ],
                  false,
                ]
              }
            >
              wrong amount funded
            </Text>
            <View
              style={
                [
                  {
                    "backgroundColor": "#EAE3DF",
                    "flexShrink": 1,
                    "height": 1,
                    "width": "100%",
                  },
                  [
                    {
                      "flexGrow": 1,
                    },
                    false,
                  ],
                ]
              }
            />
          </View>
          <View
            style={
              {
                "gap": 4,
              }
            }
          >
            <View
              style={
                {
                  "flexDirection": "row",
                }
              }
            >
              <Text
                allowFontScaling={false}
                style={
                  [
                    {
                      "color": "#2B1911",
                      "fontFamily": "Baloo2-Regular",
                      "fontSize": 16,
                      "letterSpacing": 0.16,
                      "lineHeight": 24,
                    },
                    {
                      "color": "#9F8C82",
                      "width": 80,
                    },
                    false,
                  ]
                }
              >
                funded
              </Text>
              <View
                style={
                  [
                    undefined,
                    {
                      "alignItems": "center",
                      "flexDirection": "row",
                      "justifyContent": "space-between",
                    },
                    {
                      "height": 10,
                      "width": 130,
                    },
                  ]
                }
              >
                <View
                  style={
                    [
                      {
                        "flexShrink": 0,
                      },
                      {
                        "paddingBottom": 2,
                        "paddingLeft": 2,
                        "paddingRight": 2,
                        "paddingTop": 2,
                      },
                    ]
                  }
                >
                  <test-file-stub
                    fill="#888"
                    style={
                      [
                        {
                          "height": 12,
                          "width": 12,
                        },
                        undefined,
                      ]
                    }
                  />
                </View>
                <View
                  style={
                    [
                      {
                        "alignItems": "center",
                        "flexBasis": "0%",
                        "flexDirection": "row",
                        "flexGrow": 1,
                        "flexShrink": 1,
                      },
                      {
                        "gap": 2,
                      },
                    ]
                  }
                >
                  <View
                    style={
                      {
                        "alignItems": "center",
                        "flexBasis": "0%",
                        "flexDirection": "row",
                        "flexGrow": 1,
                        "flexShrink": 1,
                        "justifyContent": "flex-end",
                      }
                    }
                  >
                    <Text
                      allowFontScaling={false}
                      style={
                        [
                          {
                            "color": "#2B1911",
                            "fontFamily": "Baloo2-Regular",
                            "fontSize": 16,
                            "letterSpacing": 0.16,
                            "lineHeight": 24,
                          },
                          [
                            {
                              "opacity": 0.1,
                              "textAlign": "right",
                            },
                            [
                              {
                                "fontFamily": "Baloo2-SemiBold",
                                "fontSize": 14,
                                "letterSpacing": 0.14,
                                "lineHeight": 22,
                                "marginBottom": -10,
                                "marginTop": -10,
                              },
                              false,
                            ],
                          ],
                          false,
                        ]
                      }
                    >
                      0.00 000 00
                    </Text>
                    <Text
                      allowFontScaling={false}
                      style={
                        [
                          {
                            "color": "#2B1911",
                            "fontFamily": "Baloo2-Regular",
                            "fontSize": 16,
                            "letterSpacing": 0.16,
                            "lineHeight": 24,
                          },
                          [
                            {
                              "textAlign": "right",
                            },
                            [
                              {
                                "fontFamily": "Baloo2-SemiBold",
                                "fontSize": 14,
                                "letterSpacing": 0.14,
                                "lineHeight": 22,
                                "marginBottom": -10,
                                "marginTop": -10,
                              },
                              false,
                            ],
                          ],
                          false,
                        ]
                      }
                    >
                      0
                    </Text>
                  </View>
                  <Text
                    allowFontScaling={false}
                    style={
                      [
                        {
                          "color": "#2B1911",
                          "fontFamily": "Baloo2-Regular",
                          "fontSize": 16,
                          "letterSpacing": 0.16,
                          "lineHeight": 24,
                        },
                        [
                          {
                            "fontFamily": "Baloo2-SemiBold",
                            "fontSize": 14,
                            "letterSpacing": 0.14,
                            "lineHeight": 22,
                            "marginBottom": -10,
                            "marginTop": -10,
                          },
                          false,
                        ],
                        false,
                      ]
                    }
                  >
                    sats
                  </Text>
                </View>
              </View>
            </View>
            <View
              style={
                {
                  "flexDirection": "row",
                }
              }
            >
              <Text
                allowFontScaling={false}
                style={
                  [
                    {
                      "color": "#2B1911",
                      "fontFamily": "Baloo2-Regular",
                      "fontSize": 16,
                      "letterSpacing": 0.16,
                      "lineHeight": 24,
                    },
                    {
                      "color": "#9F8C82",
                      "width": 80,
                    },
                    false,
                  ]
                }
              >
                amount
              </Text>
              <View
                style={
                  [
                    undefined,
                    {
                      "alignItems": "center",
                      "flexDirection": "row",
                      "justifyContent": "space-between",
                    },
                    {
                      "height": 10,
                      "width": 130,
                    },
                  ]
                }
              >
                <View
                  style={
                    [
                      {
                        "flexShrink": 0,
                      },
                      {
                        "paddingBottom": 2,
                        "paddingLeft": 2,
                        "paddingRight": 2,
                        "paddingTop": 2,
                      },
                    ]
                  }
                >
                  <test-file-stub
                    fill="#888"
                    style={
                      [
                        {
                          "height": 12,
                          "width": 12,
                        },
                        undefined,
                      ]
                    }
                  />
                </View>
                <View
                  style={
                    [
                      {
                        "alignItems": "center",
                        "flexBasis": "0%",
                        "flexDirection": "row",
                        "flexGrow": 1,
                        "flexShrink": 1,
                      },
                      {
                        "gap": 2,
                      },
                    ]
                  }
                >
                  <View
                    style={
                      {
                        "alignItems": "center",
                        "flexBasis": "0%",
                        "flexDirection": "row",
                        "flexGrow": 1,
                        "flexShrink": 1,
                        "justifyContent": "flex-end",
                      }
                    }
                  >
                    <Text
                      allowFontScaling={false}
                      style={
                        [
                          {
                            "color": "#2B1911",
                            "fontFamily": "Baloo2-Regular",
                            "fontSize": 16,
                            "letterSpacing": 0.16,
                            "lineHeight": 24,
                          },
                          [
                            {
                              "opacity": 0.1,
                              "textAlign": "right",
                            },
                            [
                              {
                                "fontFamily": "Baloo2-SemiBold",
                                "fontSize": 14,
                                "letterSpacing": 0.14,
                                "lineHeight": 22,
                                "marginBottom": -10,
                                "marginTop": -10,
                              },
                              false,
                            ],
                          ],
                          false,
                        ]
                      }
                    >
                      0.00
                    </Text>
                    <Text
                      allowFontScaling={false}
                      style={
                        [
                          {
                            "color": "#2B1911",
                            "fontFamily": "Baloo2-Regular",
                            "fontSize": 16,
                            "letterSpacing": 0.16,
                            "lineHeight": 24,
                          },
                          [
                            {
                              "textAlign": "right",
                            },
                            [
                              {
                                "fontFamily": "Baloo2-SemiBold",
                                "fontSize": 14,
                                "letterSpacing": 0.14,
                                "lineHeight": 22,
                                "marginBottom": -10,
                                "marginTop": -10,
                              },
                              false,
                            ],
                          ],
                          false,
                        ]
                      }
                    >
                       250 000
                    </Text>
                  </View>
                  <Text
                    allowFontScaling={false}
                    style={
                      [
                        {
                          "color": "#2B1911",
                          "fontFamily": "Baloo2-Regular",
                          "fontSize": 16,
                          "letterSpacing": 0.16,
                          "lineHeight": 24,
                        },
                        [
                          {
                            "fontFamily": "Baloo2-SemiBold",
                            "fontSize": 14,
                            "letterSpacing": 0.14,
                            "lineHeight": 22,
                            "marginBottom": -10,
                            "marginTop": -10,
                          },
                          false,
                        ],
                        false,
                      ]
                    }
                  >
                    sats
                  </Text>
                </View>
              </View>
            </View>
          </View>
          <Text
            allowFontScaling={false}
            style={
              [
                {
                  "color": "#2B1911",
                  "fontFamily": "Baloo2-Regular",
                  "fontSize": 16,
                  "letterSpacing": 0.16,
                  "lineHeight": 24,
                },
                {
                  "fontFamily": "Baloo2-Regular",
                  "fontSize": 14,
                  "letterSpacing": 0.14,
                  "lineHeight": 20,
                },
                false,
              ]
            }
          >
            You funded the escrow with 0 sats, while you made a trade for 250 000 sats.
          </Text>
          <Text
            allowFontScaling={false}
            style={
              [
                {
                  "color": "#2B1911",
                  "fontFamily": "Baloo2-Regular",
                  "fontSize": 16,
                  "letterSpacing": 0.16,
                  "lineHeight": 24,
                },
                {
                  "fontFamily": "Baloo2-Regular",
                  "fontSize": 14,
                  "letterSpacing": 0.14,
                  "lineHeight": 20,
                },
                false,
              ]
            }
          >
            Do you want to continue the trade with 0 sats, or do you want to be refunded?
          </Text>
        </View>
        <View
          style={
            {
              "alignItems": "center",
              "gap": 12,
            }
          }
        >
          <View
            onMoveShouldSetResponder={[Function]}
            onMoveShouldSetResponderCapture={[Function]}
            onResponderEnd={[Function]}
            onResponderGrant={[Function]}
            onResponderMove={[Function]}
            onResponderReject={[Function]}
            onResponderRelease={[Function]}
            onResponderStart={[Function]}
            onResponderTerminate={[Function]}
            onResponderTerminationRequest={[Function]}
            onStartShouldSetResponder={[Function]}
            onStartShouldSetResponderCapture={[Function]}
            style={
              [
                {
                  "borderRadius": 20,
                  "borderWidth": 1,
                  "overflow": "hidden",
                  "paddingBottom": 4,
                  "paddingLeft": 4,
                  "paddingRight": 4,
                  "paddingTop": 4,
                  "width": "100%",
                },
                {
                  "backgroundColor": "#FEEDE5",
                },
                {
                  "borderColor": "#FCCCB6",
                },
                undefined,
              ]
            }
            testID="confirmSlider"
          >
            <View
              collapsable={false}
              onLayout={[Function]}
              onStartShouldSetResponder={[Function]}
              style={
                {
                  "alignItems": "center",
                  "flexDirection": "row",
                  "transform": [
                    {
                      "translateX": 0,
                    },
                  ],
                }
              }
            >
              <View
                collapsable={false}
                style={
                  {
                    "opacity": 0,
                    "paddingTop": 1,
                    "position": "absolute",
                    "right": "100%",
                    "width": 204,
                  }
                }
              >
                <View
                  style={
                    {
                      "height": 9,
                      "justifyContent": "center",
                    }
                  }
                >
                  <Text
                    allowFontScaling={false}
                    numberOfLines={1}
                    style={
                      [
                        {
                          "color": "#2B1911",
                          "fontFamily": "Baloo2-Regular",
                          "fontSize": 16,
                          "letterSpacing": 0.16,
                          "lineHeight": 24,
                        },
                        [
                          [
                            {
                              "fontFamily": "Baloo2-SemiBold",
                              "fontSize": 14,
                              "letterSpacing": 0.5,
                              "lineHeight": 24,
                              "textAlign": "center",
                              "textTransform": "uppercase",
                            },
                            {},
                          ],
                          {
                            "marginBottom": -40,
                            "marginTop": -40,
                          },
                        ],
                        false,
                      ]
                    }
                  >
                    continue trade
                  </Text>
                </View>
              </View>
              <View
                collapsable={false}
                style={
                  {
                    "alignItems": "center",
                    "backgroundColor": "rgba(245, 101, 34, 1)",
                    "borderRadius": 16,
                    "flexDirection": "row",
                    "gap": 2,
                    "justifyContent": "center",
                    "paddingBottom": 4,
                    "paddingLeft": 6,
                    "paddingRight": 6,
                    "paddingTop": 4,
                  }
                }
              >
                <test-file-stub
                  fill="#FFFCFA"
                  style={
                    [
                      {
                        "height": 18,
                        "width": 18,
                      },
                      undefined,
                    ]
                  }
                />
                <test-file-stub
                  fill="#FFFCFA"
                  style={
                    [
                      {
                        "height": 18,
                        "width": 18,
                      },
                      undefined,
                    ]
                  }
                />
              </View>
              <View
                collapsable={false}
                style={
                  {
                    "opacity": 1,
                    "paddingTop": 1,
                    "width": 204,
                  }
                }
              >
                <View
                  style={
                    {
                      "height": 9,
                      "justifyContent": "center",
                    }
                  }
                >
                  <Text
                    allowFontScaling={false}
                    numberOfLines={1}
                    style={
                      [
                        {
                          "color": "#2B1911",
                          "fontFamily": "Baloo2-Regular",
                          "fontSize": 16,
                          "letterSpacing": 0.16,
                          "lineHeight": 24,
                        },
                        [
                          [
                            {
                              "fontFamily": "Baloo2-SemiBold",
                              "fontSize": 14,
                              "letterSpacing": 0.5,
                              "lineHeight": 24,
                              "textAlign": "center",
                              "textTransform": "uppercase",
                            },
                            {},
                          ],
                          {
                            "marginBottom": -40,
                            "marginTop": -40,
                          },
                        ],
                        false,
                      ]
                    }
                  >
                    continue trade
                  </Text>
                </View>
              </View>
            </View>
          </View>
          <View
            onMoveShouldSetResponder={[Function]}
            onMoveShouldSetResponderCapture={[Function]}
            onResponderEnd={[Function]}
            onResponderGrant={[Function]}
            onResponderMove={[Function]}
            onResponderReject={[Function]}
            onResponderRelease={[Function]}
            onResponderStart={[Function]}
            onResponderTerminate={[Function]}
            onResponderTerminationRequest={[Function]}
            onStartShouldSetResponder={[Function]}
            onStartShouldSetResponderCapture={[Function]}
            style={
              [
                {
                  "borderRadius": 20,
                  "borderWidth": 1,
                  "overflow": "hidden",
                  "paddingBottom": 4,
                  "paddingLeft": 4,
                  "paddingRight": 4,
                  "paddingTop": 4,
                  "width": "100%",
                },
                {
                  "backgroundColor": "#FEEDE5",
                },
                {
                  "borderColor": "#FCCCB6",
                },
                undefined,
              ]
            }
            testID="confirmSlider"
          >
            <View
              collapsable={false}
              onLayout={[Function]}
              onStartShouldSetResponder={[Function]}
              style={
                {
                  "alignItems": "center",
                  "flexDirection": "row",
                  "transform": [
                    {
                      "translateX": 0,
                    },
                  ],
                }
              }
            >
              <View
                collapsable={false}
                style={
                  {
                    "opacity": 0,
                    "paddingTop": 1,
                    "position": "absolute",
                    "right": "100%",
                    "width": 204,
                  }
                }
              >
                <View
                  style={
                    {
                      "height": 9,
                      "justifyContent": "center",
                    }
                  }
                >
                  <Text
                    allowFontScaling={false}
                    numberOfLines={1}
                    style={
                      [
                        {
                          "color": "#2B1911",
                          "fontFamily": "Baloo2-Regular",
                          "fontSize": 16,
                          "letterSpacing": 0.16,
                          "lineHeight": 24,
                        },
                        [
                          [
                            {
                              "fontFamily": "Baloo2-SemiBold",
                              "fontSize": 14,
                              "letterSpacing": 0.5,
                              "lineHeight": 24,
                              "textAlign": "center",
                              "textTransform": "uppercase",
                            },
                            {},
                          ],
                          {
                            "marginBottom": -40,
                            "marginTop": -40,
                          },
                        ],
                        false,
                      ]
                    }
                  >
                    refund escrow
                  </Text>
                </View>
              </View>
              <View
                collapsable={false}
                style={
                  {
                    "alignItems": "center",
                    "backgroundColor": "rgba(245, 101, 34, 1)",
                    "borderRadius": 16,
                    "flexDirection": "row",
                    "gap": 2,
                    "justifyContent": "center",
                    "paddingBottom": 4,
                    "paddingLeft": 6,
                    "paddingRight": 6,
                    "paddingTop": 4,
                  }
                }
              >
                <test-file-stub
                  fill="#FFFCFA"
                  style={
                    [
                      {
                        "height": 18,
                        "width": 18,
                      },
                      undefined,
                    ]
                  }
                />
                <test-file-stub
                  fill="#FFFCFA"
                  style={
                    [
                      {
                        "height": 18,
                        "width": 18,
                      },
                      undefined,
                    ]
                  }
                />
              </View>
              <View
                collapsable={false}
                style={
                  {
                    "opacity": 1,
                    "paddingTop": 1,
                    "width": 204,
                  }
                }
              >
                <View
                  style={
                    {
                      "height": 9,
                      "justifyContent": "center",
                    }
                  }
                >
                  <Text
                    allowFontScaling={false}
                    numberOfLines={1}
                    style={
                      [
                        {
                          "color": "#2B1911",
                          "fontFamily": "Baloo2-Regular",
                          "fontSize": 16,
                          "letterSpacing": 0.16,
                          "lineHeight": 24,
                        },
                        [
                          [
                            {
                              "fontFamily": "Baloo2-SemiBold",
                              "fontSize": 14,
                              "letterSpacing": 0.5,
                              "lineHeight": 24,
                              "textAlign": "center",
                              "textTransform": "uppercase",
                            },
                            {},
                          ],
                          {
                            "marginBottom": -40,
                            "marginTop": -40,
                          },
                        ],
                        false,
                      ]
                    }
                  >
                    refund escrow
                  </Text>
                </View>
              </View>
            </View>
          </View>
        </View>
      </View>
    </View>
  </View>
</View>
`;

exports[`WrongFundingAmount should render correctly while sell offer is being loaded 1`] = `
<View
  style={
    {
      "alignItems": "center",
      "height": "100%",
      "justifyContent": "center",
    }
  }
>
  <ActivityIndicator
    color="#F56522"
    size="large"
  />
</View>
`;
